// Jest Snapshot v1, https://goo.gl/fbAQLP

exports[`BookDetailsContainer tests should load the details component 1`] = `
<Container>
  <BookDetails />
</Container>
`;
