// Jest Snapshot v1, https://goo.gl/fbAQLP

exports[`DocumentsDetailsContainer tests should load the details component 1`] = `
<Container>
  <DocumentsDetails />
</Container>
`;
