// Jest Snapshot v1, https://goo.gl/fbAQLP

exports[`DocumentMetadata tests should render Date Range Picker 1`] = `
<DateRangePicker
  defaultEnd="2019-10-03"
  defaultStart="2019-09-03"
  handleDateChange={[MockFunction]}
>
  <Segment>
    <div
      className="ui segment"
    >
      <DateInput
        autoComplete="off"
        clearIcon={
          <Icon
            as="i"
            color="red"
            name="remove"
          />
        }
        clearable={true}
        closable={true}
        data-test="2019-09-03"
        dateFormat="YYYY-MM-DD"
        icon="calendar"
        iconPosition="left"
        inline={false}
        localization="en"
        maxDate="2019-10-03"
        name="fromDate"
        onChange={[Function]}
        placeholder="Start Date"
        preserveViewMode={true}
        startMode="day"
        value="2019-09-03"
      >
        <InputView
          animation="scale"
          autoComplete="off"
          clearIcon={
            <Icon
              as="i"
              color="red"
              name="remove"
            />
          }
          clearable={true}
          closeOnMouseLeave={true}
          closePopup={[Function]}
          data-test="2019-09-03"
          duration={200}
          icon="calendar"
          iconPosition="left"
          inline={false}
          name="fromDate"
          onChange={[Function]}
          onFocus={[Function]}
          onMount={[Function]}
          openPopup={[Function]}
          placeholder="Start Date"
          popupIsClosed={true}
          renderPicker={[Function]}
          tabIndex="0"
          value="2019-09-03"
        >
          <FormInputWithRef
            autoComplete="off"
            clearIcon={
              <Icon
                as="i"
                color="red"
                name="remove"
              />
            }
            clearable={true}
            data-test="2019-09-03"
            icon="calendar"
            iconPosition="left"
            innerRef={[Function]}
            name="fromDate"
            onBlur={[Function]}
            onChange={[Function]}
            onClear={[Function]}
            onFocus={[Function]}
            onMouseEnter={[Function]}
            placeholder="Start Date"
            tabIndex="0"
            value="2019-09-03"
          >
            <FormInput
              as={[Function]}
              autoComplete="off"
              control={[Function]}
              data-test="2019-09-03"
              icon={true}
              iconPosition="left"
              name="fromDate"
              onBlur={[Function]}
              onChange={[Function]}
              onClick={[Function]}
              onFocus={[Function]}
              onMouseEnter={[Function]}
              placeholder="Start Date"
              tabIndex="0"
            >
              <FormField
                autoComplete="off"
                control={[Function]}
                data-test="2019-09-03"
                icon={true}
                iconPosition="left"
                name="fromDate"
                onBlur={[Function]}
                onChange={[Function]}
                onClick={[Function]}
                onFocus={[Function]}
                onMouseEnter={[Function]}
                placeholder="Start Date"
                tabIndex="0"
              >
                <div
                  className="field"
                >
                  <Input
                    autoComplete="off"
                    data-test="2019-09-03"
                    icon={true}
                    iconPosition="left"
                    name="fromDate"
                    onBlur={[Function]}
                    onChange={[Function]}
                    onClick={[Function]}
                    onFocus={[Function]}
                    onMouseEnter={[Function]}
                    placeholder="Start Date"
                    tabIndex="0"
                    type="text"
                  >
                    <div
                      className="ui left icon input"
                      data-test="2019-09-03"
                    >
                      <Icon
                        as="i"
                        color="red"
                        key=".0"
                        link={true}
                        name="remove"
                        onClick={[Function]}
                      >
                        <i
                          aria-hidden="true"
                          className="red remove link icon"
                          onClick={[Function]}
                        />
                      </Icon>
                      <input
                        autoComplete="off"
                        key=".1"
                        name="fromDate"
                        onBlur={[Function]}
                        onChange={[Function]}
                        onClick={[Function]}
                        onFocus={[Function]}
                        onMouseEnter={[Function]}
                        placeholder="Start Date"
                        tabIndex="0"
                        type="text"
                        value="2019-09-03"
                      />
                    </div>
                  </Input>
                </div>
              </FormField>
            </FormInput>
          </FormInputWithRef>
          <Transition
            animation="scale"
            duration={200}
            mountOnShow={true}
            onComplete={[Function]}
            transitionOnMount={false}
            unmountOnHide={true}
            visible={false}
          />
        </InputView>
      </DateInput>
    </div>
  </Segment>
  <Segment>
    <div
      className="ui segment"
    >
      <DateInput
        autoComplete="off"
        clearIcon={
          <Icon
            as="i"
            color="red"
            name="remove"
          />
        }
        clearable={true}
        closable={true}
        data-test="2019-10-03"
        dateFormat="YYYY-MM-DD"
        icon="calendar"
        iconPosition="left"
        inline={false}
        localization="en"
        minDate="2019-09-03"
        name="toDate"
        onChange={[Function]}
        placeholder="End Date"
        preserveViewMode={true}
        startMode="day"
        value="2019-10-03"
      >
        <InputView
          animation="scale"
          autoComplete="off"
          clearIcon={
            <Icon
              as="i"
              color="red"
              name="remove"
            />
          }
          clearable={true}
          closeOnMouseLeave={true}
          closePopup={[Function]}
          data-test="2019-10-03"
          duration={200}
          icon="calendar"
          iconPosition="left"
          inline={false}
          name="toDate"
          onChange={[Function]}
          onFocus={[Function]}
          onMount={[Function]}
          openPopup={[Function]}
          placeholder="End Date"
          popupIsClosed={true}
          renderPicker={[Function]}
          tabIndex="0"
          value="2019-10-03"
        >
          <FormInputWithRef
            autoComplete="off"
            clearIcon={
              <Icon
                as="i"
                color="red"
                name="remove"
              />
            }
            clearable={true}
            data-test="2019-10-03"
            icon="calendar"
            iconPosition="left"
            innerRef={[Function]}
            name="toDate"
            onBlur={[Function]}
            onChange={[Function]}
            onClear={[Function]}
            onFocus={[Function]}
            onMouseEnter={[Function]}
            placeholder="End Date"
            tabIndex="0"
            value="2019-10-03"
          >
            <FormInput
              as={[Function]}
              autoComplete="off"
              control={[Function]}
              data-test="2019-10-03"
              icon={true}
              iconPosition="left"
              name="toDate"
              onBlur={[Function]}
              onChange={[Function]}
              onClick={[Function]}
              onFocus={[Function]}
              onMouseEnter={[Function]}
              placeholder="End Date"
              tabIndex="0"
            >
              <FormField
                autoComplete="off"
                control={[Function]}
                data-test="2019-10-03"
                icon={true}
                iconPosition="left"
                name="toDate"
                onBlur={[Function]}
                onChange={[Function]}
                onClick={[Function]}
                onFocus={[Function]}
                onMouseEnter={[Function]}
                placeholder="End Date"
                tabIndex="0"
              >
                <div
                  className="field"
                >
                  <Input
                    autoComplete="off"
                    data-test="2019-10-03"
                    icon={true}
                    iconPosition="left"
                    name="toDate"
                    onBlur={[Function]}
                    onChange={[Function]}
                    onClick={[Function]}
                    onFocus={[Function]}
                    onMouseEnter={[Function]}
                    placeholder="End Date"
                    tabIndex="0"
                    type="text"
                  >
                    <div
                      className="ui left icon input"
                      data-test="2019-10-03"
                    >
                      <Icon
                        as="i"
                        color="red"
                        key=".0"
                        link={true}
                        name="remove"
                        onClick={[Function]}
                      >
                        <i
                          aria-hidden="true"
                          className="red remove link icon"
                          onClick={[Function]}
                        />
                      </Icon>
                      <input
                        autoComplete="off"
                        key=".1"
                        name="toDate"
                        onBlur={[Function]}
                        onChange={[Function]}
                        onClick={[Function]}
                        onFocus={[Function]}
                        onMouseEnter={[Function]}
                        placeholder="End Date"
                        tabIndex="0"
                        type="text"
                        value="2019-10-03"
                      />
                    </div>
                  </Input>
                </div>
              </FormField>
            </FormInput>
          </FormInputWithRef>
          <Transition
            animation="scale"
            duration={200}
            mountOnShow={true}
            onComplete={[Function]}
            transitionOnMount={false}
            unmountOnHide={true}
            visible={false}
          />
        </InputView>
      </DateInput>
    </div>
  </Segment>
</DateRangePicker>
`;
