// Jest Snapshot v1, https://goo.gl/fbAQLP

exports[`MostRecentBooks tests should go to book details when clicking on a book 1`] = `
<MostRecentBooks
  data={
    Object {
      "hits": Array [
        Object {
          "metadata": Object {
            "authors": Array [],
            "eitems": Object {
              "hits": Array [],
              "total": 0,
            },
            "pid": "doc1",
            "title": Object {
              "title": "patron_1",
            },
          },
        },
        Object {
          "metadata": Object {
            "authors": Array [],
            "eitems": Object {
              "hits": Array [],
              "total": 0,
            },
            "pid": "doc2",
            "title": Object {
              "title": "patron_2",
            },
          },
        },
      ],
      "total": 2,
    }
  }
  fetchMostRecentBooks={[Function]}
  maxItemsToDisplay={1}
>
  <Loader>
    <Error>
      <div>
        <Button
          as="button"
          content="See All"
          onClick={[Function]}
        >
          <Ref
            innerRef={
              Object {
                "current": <button
                  class="ui button"
                >
                  See All
                </button>,
              }
            }
          >
            <RefFindNode
              innerRef={
                Object {
                  "current": <button
                    class="ui button"
                  >
                    See All
                  </button>,
                }
              }
            >
              <button
                className="ui button"
                onClick={[Function]}
              >
                See All
              </button>
            </RefFindNode>
          </Ref>
        </Button>
        <Divider
          hidden={true}
        >
          <div
            className="ui hidden divider"
          />
        </Divider>
        <CardGroup>
          <div
            className="ui cards"
          >
            <BookCard
              bookData={
                Object {
                  "authors": Array [],
                  "eitems": Array [],
                  "imageCover": "https://assets.thalia.media/img/46276899-00-00.jpg",
                  "imageSize": "small",
                  "onClick": [Function],
                  "pid": "doc1",
                  "title": "patron_1",
                }
              }
              key="doc1"
            >
              <Card
                data-test="doc1"
                onClick={[Function]}
              >
                <a
                  className="ui card"
                  data-test="doc1"
                  onClick={[Function]}
                >
                  <Image
                    as="img"
                    size="small"
                    src="https://assets.thalia.media/img/46276899-00-00.jpg"
                    ui={true}
                  >
                    <img
                      className="ui small image"
                      src="https://assets.thalia.media/img/46276899-00-00.jpg"
                    />
                  </Image>
                  <CardContent>
                    <div
                      className="content"
                    >
                      <CardHeader>
                        <div
                          className="header"
                        >
                          patron_1
                        </div>
                      </CardHeader>
                      <CardMeta>
                        <div
                          className="meta"
                        />
                      </CardMeta>
                    </div>
                  </CardContent>
                </a>
              </Card>
            </BookCard>
            <BookCard
              bookData={
                Object {
                  "authors": Array [],
                  "eitems": Array [],
                  "imageCover": "https://assets.thalia.media/img/46276899-00-00.jpg",
                  "imageSize": "small",
                  "onClick": [Function],
                  "pid": "doc2",
                  "title": "patron_2",
                }
              }
              key="doc2"
            >
              <Card
                data-test="doc2"
                onClick={[Function]}
              >
                <a
                  className="ui card"
                  data-test="doc2"
                  onClick={[Function]}
                >
                  <Image
                    as="img"
                    size="small"
                    src="https://assets.thalia.media/img/46276899-00-00.jpg"
                    ui={true}
                  >
                    <img
                      className="ui small image"
                      src="https://assets.thalia.media/img/46276899-00-00.jpg"
                    />
                  </Image>
                  <CardContent>
                    <div
                      className="content"
                    >
                      <CardHeader>
                        <div
                          className="header"
                        >
                          patron_2
                        </div>
                      </CardHeader>
                      <CardMeta>
                        <div
                          className="meta"
                        />
                      </CardMeta>
                    </div>
                  </CardContent>
                </a>
              </Card>
            </BookCard>
          </div>
        </CardGroup>
      </div>
    </Error>
  </Loader>
</MostRecentBooks>
`;

exports[`MostRecentBooks tests should load the most recent books component 1`] = `
<Loader>
  <Error>
    <div>
      <Button
        as="button"
        content="See All"
        onClick={[Function]}
      />
      <Divider
        hidden={true}
      />
      <CardGroup />
    </div>
  </Error>
</Loader>
`;

exports[`MostRecentBooks tests should render recent ebooks 1`] = `
<MostRecentBooks
  data={
    Object {
      "hits": Array [
        Object {
          "metadata": Object {
            "authors": Array [],
            "eitems": Object {
              "hits": Array [],
              "total": 0,
            },
            "pid": "doc1",
            "title": Object {
              "title": "patron_1",
            },
          },
        },
        Object {
          "metadata": Object {
            "authors": Array [],
            "eitems": Object {
              "hits": Array [],
              "total": 0,
            },
            "pid": "doc2",
            "title": Object {
              "title": "patron_2",
            },
          },
        },
      ],
      "total": 2,
    }
  }
  fetchMostRecentBooks={[Function]}
>
  <Loader>
    <Error>
      <div>
        <Button
          as="button"
          content="See All"
          onClick={[Function]}
        >
          <Ref
            innerRef={
              Object {
                "current": <button
                  class="ui button"
                >
                  See All
                </button>,
              }
            }
          >
            <RefFindNode
              innerRef={
                Object {
                  "current": <button
                    class="ui button"
                  >
                    See All
                  </button>,
                }
              }
            >
              <button
                className="ui button"
                onClick={[Function]}
              >
                See All
              </button>
            </RefFindNode>
          </Ref>
        </Button>
        <Divider
          hidden={true}
        >
          <div
            className="ui hidden divider"
          />
        </Divider>
        <CardGroup>
          <div
            className="ui cards"
          >
            <BookCard
              bookData={
                Object {
                  "authors": Array [],
                  "eitems": Array [],
                  "imageCover": "https://assets.thalia.media/img/46276899-00-00.jpg",
                  "imageSize": "small",
                  "onClick": [Function],
                  "pid": "doc1",
                  "title": "patron_1",
                }
              }
              key="doc1"
            >
              <Card
                data-test="doc1"
                onClick={[Function]}
              >
                <a
                  className="ui card"
                  data-test="doc1"
                  onClick={[Function]}
                >
                  <Image
                    as="img"
                    size="small"
                    src="https://assets.thalia.media/img/46276899-00-00.jpg"
                    ui={true}
                  >
                    <img
                      className="ui small image"
                      src="https://assets.thalia.media/img/46276899-00-00.jpg"
                    />
                  </Image>
                  <CardContent>
                    <div
                      className="content"
                    >
                      <CardHeader>
                        <div
                          className="header"
                        >
                          patron_1
                        </div>
                      </CardHeader>
                      <CardMeta>
                        <div
                          className="meta"
                        />
                      </CardMeta>
                    </div>
                  </CardContent>
                </a>
              </Card>
            </BookCard>
            <BookCard
              bookData={
                Object {
                  "authors": Array [],
                  "eitems": Array [],
                  "imageCover": "https://assets.thalia.media/img/46276899-00-00.jpg",
                  "imageSize": "small",
                  "onClick": [Function],
                  "pid": "doc2",
                  "title": "patron_2",
                }
              }
              key="doc2"
            >
              <Card
                data-test="doc2"
                onClick={[Function]}
              >
                <a
                  className="ui card"
                  data-test="doc2"
                  onClick={[Function]}
                >
                  <Image
                    as="img"
                    size="small"
                    src="https://assets.thalia.media/img/46276899-00-00.jpg"
                    ui={true}
                  >
                    <img
                      className="ui small image"
                      src="https://assets.thalia.media/img/46276899-00-00.jpg"
                    />
                  </Image>
                  <CardContent>
                    <div
                      className="content"
                    >
                      <CardHeader>
                        <div
                          className="header"
                        >
                          patron_2
                        </div>
                      </CardHeader>
                      <CardMeta>
                        <div
                          className="meta"
                        />
                      </CardMeta>
                    </div>
                  </CardContent>
                </a>
              </Card>
            </BookCard>
          </div>
        </CardGroup>
      </div>
    </Error>
  </Loader>
</MostRecentBooks>
`;

exports[`MostRecentBooks tests should render the see all button when showing most recent books 1`] = `
<MostRecentBooks
  data={
    Object {
      "hits": Array [
        Object {
          "metadata": Object {
            "authors": Array [],
            "eitems": Object {
              "hits": Array [],
              "total": 0,
            },
            "pid": "doc1",
            "title": Object {
              "title": "patron_1",
            },
          },
        },
        Object {
          "metadata": Object {
            "authors": Array [],
            "eitems": Object {
              "hits": Array [],
              "total": 0,
            },
            "pid": "doc2",
            "title": Object {
              "title": "patron_2",
            },
          },
        },
      ],
      "total": 2,
    }
  }
  fetchMostRecentBooks={[Function]}
  maxItemsToDisplay={1}
>
  <Loader>
    <Error>
      <div>
        <Button
          as="button"
          content="See All"
          onClick={[Function]}
        >
          <Ref
            innerRef={
              Object {
                "current": <button
                  class="ui button"
                >
                  See All
                </button>,
              }
            }
          >
            <RefFindNode
              innerRef={
                Object {
                  "current": <button
                    class="ui button"
                  >
                    See All
                  </button>,
                }
              }
            >
              <button
                className="ui button"
                onClick={[Function]}
              >
                See All
              </button>
            </RefFindNode>
          </Ref>
        </Button>
        <Divider
          hidden={true}
        >
          <div
            className="ui hidden divider"
          />
        </Divider>
        <CardGroup>
          <div
            className="ui cards"
          >
            <BookCard
              bookData={
                Object {
                  "authors": Array [],
                  "eitems": Array [],
                  "imageCover": "https://assets.thalia.media/img/46276899-00-00.jpg",
                  "imageSize": "small",
                  "onClick": [Function],
                  "pid": "doc1",
                  "title": "patron_1",
                }
              }
              key="doc1"
            >
              <Card
                data-test="doc1"
                onClick={[Function]}
              >
                <a
                  className="ui card"
                  data-test="doc1"
                  onClick={[Function]}
                >
                  <Image
                    as="img"
                    size="small"
                    src="https://assets.thalia.media/img/46276899-00-00.jpg"
                    ui={true}
                  >
                    <img
                      className="ui small image"
                      src="https://assets.thalia.media/img/46276899-00-00.jpg"
                    />
                  </Image>
                  <CardContent>
                    <div
                      className="content"
                    >
                      <CardHeader>
                        <div
                          className="header"
                        >
                          patron_1
                        </div>
                      </CardHeader>
                      <CardMeta>
                        <div
                          className="meta"
                        />
                      </CardMeta>
                    </div>
                  </CardContent>
                </a>
              </Card>
            </BookCard>
            <BookCard
              bookData={
                Object {
                  "authors": Array [],
                  "eitems": Array [],
                  "imageCover": "https://assets.thalia.media/img/46276899-00-00.jpg",
                  "imageSize": "small",
                  "onClick": [Function],
                  "pid": "doc2",
                  "title": "patron_2",
                }
              }
              key="doc2"
            >
              <Card
                data-test="doc2"
                onClick={[Function]}
              >
                <a
                  className="ui card"
                  data-test="doc2"
                  onClick={[Function]}
                >
                  <Image
                    as="img"
                    size="small"
                    src="https://assets.thalia.media/img/46276899-00-00.jpg"
                    ui={true}
                  >
                    <img
                      className="ui small image"
                      src="https://assets.thalia.media/img/46276899-00-00.jpg"
                    />
                  </Image>
                  <CardContent>
                    <div
                      className="content"
                    >
                      <CardHeader>
                        <div
                          className="header"
                        >
                          patron_2
                        </div>
                      </CardHeader>
                      <CardMeta>
                        <div
                          className="meta"
                        />
                      </CardMeta>
                    </div>
                  </CardContent>
                </a>
              </Card>
            </BookCard>
          </div>
        </CardGroup>
      </div>
    </Error>
  </Loader>
</MostRecentBooks>
`;
