// Jest Snapshot v1, https://goo.gl/fbAQLP

exports[`Series relations tests should load the relations component 1`] = `
<ContextConsumer>
  <Component />
</ContextConsumer>
`;
