// Jest Snapshot v1, https://goo.gl/fbAQLP

exports[`should render correctly 1`] = `
<Item>
  <DocumentItemCover
    coverUrl=""
    disabled={true}
    isRestricted={false}
    linkTo="/literature/13"
    size="mini"
  />
  <ItemContent>
    <ItemMeta>
      BOOK
    </ItemMeta>
    <ItemHeader
      as={
        Object {
          "$$typeof": Symbol(react.forward_ref),
          "displayName": "Link",
          "propTypes": Object {
            "innerRef": [Function],
            "onClick": [Function],
            "replace": [Function],
            "target": [Function],
            "to": [Function],
          },
          "render": [Function],
        }
      }
      to="/literature/13"
    >
      The Gulf: The Making of An American Sea
    </ItemHeader>
    <ItemMeta>
      <DocumentAuthors
        delimiter="; "
        metadata={
          Object {
            "$schema": "https://127.0.0.1:5000/schemas/documents/document-v1.0.0.json",
            "abstract": "This is an abstract",
            "authors": Array [
              Object {
                "full_name": "Jack E. Davis",
              },
            ],
            "circulation": Object {
              "has_items_for_loan": 0,
            },
            "document_type": "BOOK",
            "edition": "1",
            "eitems": Object {
              "hits": Array [],
              "total": 0,
            },
            "keywords": Object {
              "source": "X",
              "value": "Patata",
            },
            "languages": Array [
              "en",
            ],
            "pid": "13",
            "publication_year": "1950",
            "title": "The Gulf: The Making of An American Sea",
          }
        }
        prefix="by "
      />
    </ItemMeta>
    <ItemDescription>
      <Truncate
        ellipsis="â€¦"
        lines={3}
        trimWhitespace={false}
        width={0}
      >
        This is an abstract
      </Truncate>
    </ItemDescription>
    <ItemMeta>
      <Grid>
        <GridColumn
          width={4}
        />
        <GridColumn
          width={4}
        >
          <List>
            <ListItem>
              <ListContent>
                <span>
                  Edition: 
                </span>
                1
              </ListContent>
            </ListItem>
            <ListItem>
              <ListContent>
                <span>
                  Languages: 
                </span>
                <DocumentLanguages
                  listItemAs=""
                  metadata={
                    Object {
                      "$schema": "https://127.0.0.1:5000/schemas/documents/document-v1.0.0.json",
                      "abstract": "This is an abstract",
                      "authors": Array [
                        Object {
                          "full_name": "Jack E. Davis",
                        },
                      ],
                      "circulation": Object {
                        "has_items_for_loan": 0,
                      },
                      "document_type": "BOOK",
                      "edition": "1",
                      "eitems": Object {
                        "hits": Array [],
                        "total": 0,
                      },
                      "keywords": Object {
                        "source": "X",
                        "value": "Patata",
                      },
                      "languages": Array [
                        "en",
                      ],
                      "pid": "13",
                      "publication_year": "1950",
                      "title": "The Gulf: The Making of An American Sea",
                    }
                  }
                  separator=", "
                  withLabel={false}
                />
              </ListContent>
            </ListItem>
          </List>
        </GridColumn>
      </Grid>
    </ItemMeta>
    <ItemExtra>
      <DocumentTags
        metadata={
          Object {
            "$schema": "https://127.0.0.1:5000/schemas/documents/document-v1.0.0.json",
            "abstract": "This is an abstract",
            "authors": Array [
              Object {
                "full_name": "Jack E. Davis",
              },
            ],
            "circulation": Object {
              "has_items_for_loan": 0,
            },
            "document_type": "BOOK",
            "edition": "1",
            "eitems": Object {
              "hits": Array [],
              "total": 0,
            },
            "keywords": Object {
              "source": "X",
              "value": "Patata",
            },
            "languages": Array [
              "en",
            ],
            "pid": "13",
            "publication_year": "1950",
            "title": "The Gulf: The Making of An American Sea",
          }
        }
      />
    </ItemExtra>
  </ItemContent>
</Item>
`;
