// Jest Snapshot v1, https://goo.gl/fbAQLP

exports[`SeriesLiteratureResultsList tests should load the SeriesLiteratureResultsList component 1`] = `
<ItemGroup>
  <DocumentListEntry
    data-test="docid-1"
    key="docid-1"
    metadata={
      Object {
        "$schema": "https://127.0.0.1:5000/schemas/documents/document-v1.0.0.json",
        "abstract": "This is an abstract",
        "authors": Array [
          Object {
            "full_name": "Jack E. Davis",
          },
        ],
        "document_type": "BOOK",
        "edition": "1",
        "keywords": Object {
          "source": "X",
          "value": "Patata",
        },
        "languages": Array [
          "en",
        ],
        "pid": "docid-1",
        "publication_year": "1950",
        "title": "The Gulf: The Making of An American Sea",
      }
    }
    volume={null}
  />
  <DocumentListEntry
    data-test="docid-2"
    key="docid-2"
    metadata={
      Object {
        "$schema": "https://127.0.0.1:5000/schemas/documents/document-v1.0.0.json",
        "abstract": "This is an abstract",
        "authors": Array [
          Object {
            "full_name": "Caroline Fraser",
          },
        ],
        "document_type": "BOOK",
        "keywords": Object {
          "source": "X",
          "value": "Patata",
        },
        "languages": Array [
          "it",
        ],
        "pid": "docid-2",
        "publication_year": "1950",
        "title": "Prairie Fires: The American Dreams of Laura Ingalls Wilder",
      }
    }
    volume={null}
  />
  <SeriesListEntry
    data-test="serid-2"
    key="serid-2"
    metadata={
      Object {
        "$schema": "https://127.0.0.1:5000/schemas/series/series-v1.0.0.json",
        "abstract": "This is a multipart monograph",
        "authors": Array [
          "Banek, Cora",
          "Banek, Georg",
        ],
        "mode_of_issuance": "MULTIPART_MONOGRAPH",
        "pid": "serid-2",
        "title": "The Gulf: The Making of An American Sea",
      }
    }
    volume={null}
  />
  <SeriesListEntry
    data-test="serid-3"
    key="serid-3"
    metadata={
      Object {
        "$schema": "https://127.0.0.1:5000/schemas/series/series-v1.0.0.json",
        "abstract": "This is serial",
        "mode_of_issuance": "SERIAL",
        "pid": "serid-3",
        "title": "Springer tracts in modern physics",
      }
    }
    volume={null}
  />
</ItemGroup>
`;
