// Jest Snapshot v1, https://goo.gl/fbAQLP

exports[`DocumentMetadata tests should render the document correctly 1`] = `
<DocumentMetadata
  documentDetails={
    Object {
      "created": "2019-07-08T10:44:02.366+02:00",
      "id": 71,
      "links": Object {
        "self": "https://127.0.0.1:5000/api/documents/71",
      },
      "metadata": Object {
        "$schema": "https://127.0.0.1:5000/schemas/documents/document-v1.0.0.json",
        "_access": Object {},
        "abstract": "This is an abstract",
        "authors": Array [
          Object {
            "full_name": "Jack E. Davis",
          },
        ],
        "circulation": Object {},
        "document_type": Array [
          "BOOK",
        ],
        "edition": "1",
        "eitems": Object {
          "hits": Array [
            Object {
              "description": "Non ipsum",
              "open_access": true,
              "pid": "145",
            },
          ],
          "total": 1,
        },
        "keywords": Object {
          "source": "X",
          "value": "Patata",
        },
        "languages": Array [
          "en",
        ],
        "pid": "71",
        "relations": Object {},
        "tags": Array [],
        "title": "The Gulf: The Making of An American Sea",
      },
      "updated": "2019-07-08T10:44:18.354+02:00",
    }
  }
>
  <Container
    className="document-metadata"
    data-test="71"
  >
    <div
      className="ui container document-metadata"
      data-test="71"
    >
      <Responsive
        getWidth={[Function]}
        minWidth={768}
      >
        <div>
          <DocumentMetadataTabs />
        </div>
      </Responsive>
      <Responsive
        getWidth={[Function]}
        maxWidth={767}
        minWidth={320}
      />
      <Container
        textAlign="center"
      >
        <div
          className="ui center aligned container"
        >
          <DocumentStats
            document={
              Object {
                "created": "2019-07-08T10:44:02.366+02:00",
                "id": 71,
                "links": Object {
                  "self": "https://127.0.0.1:5000/api/documents/71",
                },
                "metadata": Object {
                  "$schema": "https://127.0.0.1:5000/schemas/documents/document-v1.0.0.json",
                  "_access": Object {},
                  "abstract": "This is an abstract",
                  "authors": Array [
                    Object {
                      "full_name": "Jack E. Davis",
                    },
                  ],
                  "circulation": Object {},
                  "document_type": Array [
                    "BOOK",
                  ],
                  "edition": "1",
                  "eitems": Object {
                    "hits": Array [
                      Object {
                        "description": "Non ipsum",
                        "open_access": true,
                        "pid": "145",
                      },
                    ],
                    "total": 1,
                  },
                  "keywords": Object {
                    "source": "X",
                    "value": "Patata",
                  },
                  "languages": Array [
                    "en",
                  ],
                  "pid": "71",
                  "relations": Object {},
                  "tags": Array [],
                  "title": "The Gulf: The Making of An American Sea",
                },
                "updated": "2019-07-08T10:44:18.354+02:00",
              }
            }
          />
        </div>
      </Container>
    </div>
  </Container>
</DocumentMetadata>
`;
