// Jest Snapshot v1, https://goo.gl/fbAQLP

exports[`DocumentDetails tests should load the details component 1`] = `
<div>
  <Container
    fluid={true}
  >
    <Loader>
      <Error>
        <Sticky
          active={true}
          bottomOffset={0}
          className="solid-background"
          context={
            Object {
              "current": null,
            }
          }
          offset={0}
          scrollContext={[Window]}
        >
          <Container
            className="spaced"
            fluid={true}
          >
            <DocumentHeader />
          </Container>
          <Divider />
        </Sticky>
        <Container
          fluid={true}
        >
          <Ref
            innerRef={
              Object {
                "current": null,
              }
            }
          >
            <Grid
              columns={2}
            >
              <GridColumn
                width={13}
              >
                <Container
                  className="spaced"
                >
                  <Container
                    className="spaced"
                  >
                    <DocumentSummary />
                  </Container>
                  <DocumentMetadata />
                  <DocumentContent />
                </Container>
              </GridColumn>
              <GridColumn
                width={3}
              >
                <Sticky
                  active={true}
                  bottomOffset={0}
                  context={
                    Object {
                      "current": null,
                    }
                  }
                  offset={180}
                  scrollContext={[Window]}
                >
                  <DocumentActionMenu />
                </Sticky>
              </GridColumn>
            </Grid>
          </Ref>
        </Container>
      </Error>
    </Loader>
  </Container>
</div>
`;
