// Jest Snapshot v1, https://goo.gl/fbAQLP

exports[`DocumentPendingLoans tests should load the details component 1`] = `
<Loader>
  <Error>
    <ResultsTable
      fixed={false}
      headerActionClickHandler={null}
      headerActionComponent={null}
      rowActionClickHandler={[Function]}
      rows={Array []}
      seeAllComponent={
        <SeeAllButton
          clickHandler={[Function]}
          disabled={false}
          fluid={false}
        />
      }
      showMaxRows={5}
      singleLine={false}
      subtitle=""
      title="Pending loans requests"
    />
  </Error>
</Loader>
`;

exports[`DocumentPendingLoans tests should render pending loans 1`] = `
<DocumentPendingLoans
  data={
    Object {
      "hits": Array [
        Object {
          "created": "2018-01-01T10:05:00.000Z",
          "end_date": "2018-01-01T10:05:00.000Z",
          "loan_pid": "loan1",
          "patron_pid": "patron_1",
          "start_date": "2018-01-01T10:05:00.000Z",
          "updated": "2018-01-01T10:05:00.000Z",
        },
        Object {
          "created": "2018-01-01T10:05:00.000Z",
          "end_date": "2018-01-01T10:05:00.000Z",
          "loan_pid": "loan2",
          "patron_pid": "patron_2",
          "start_date": "2018-01-01T10:05:00.000Z",
          "updated": "2018-01-01T10:05:00.000Z",
        },
      ],
      "total": 2,
    }
  }
  document={
    Object {
      "metadata": Object {
        "document_pid": 111,
        "item_pid": 222,
      },
    }
  }
  fetchPendingLoans={[Function]}
  history={[Function]}
  showMaxPendingLoans={5}
>
  <Loader>
    <Error>
      <ResultsTable
        fixed={false}
        headerActionClickHandler={null}
        headerActionComponent={null}
        rowActionClickHandler={[Function]}
        rows={
          Array [
            Object {
              "ID": "loan1",
              "Patron ID": "patron_1",
              "Request created": "2018-01-01 10:05",
              "State": undefined,
            },
            Object {
              "ID": "loan2",
              "Patron ID": "patron_2",
              "Request created": "2018-01-01 10:05",
              "State": undefined,
            },
          ]
        }
        seeAllComponent={
          <SeeAllButton
            clickHandler={[Function]}
            disabled={false}
            fluid={false}
          />
        }
        showMaxRows={5}
        singleLine={false}
        subtitle=""
        title="Pending loans requests"
      >
        <Segment>
          <div
            className="ui segment"
          >
            <Grid>
              <div
                className="ui grid"
              >
                <GridRow>
                  <div
                    className="row"
                  >
                    <GridColumn
                      verticalAlign="middle"
                      width={13}
                    >
                      <div
                        className="middle aligned thirteen wide column"
                      >
                        <Header
                          as="h3"
                          content="Pending loans requests"
                          subheader=""
                        >
                          <h3
                            className="ui header"
                          >
                            Pending loans requests
                            <HeaderSubheader
                              content=""
                            >
                              <div
                                className="sub header"
                              />
                            </HeaderSubheader>
                          </h3>
                        </Header>
                      </div>
                    </GridColumn>
                    <GridColumn
                      textAlign="right"
                      width={3}
                    >
                      <div
                        className="right aligned three wide column"
                      />
                    </GridColumn>
                  </div>
                </GridRow>
              </div>
            </Grid>
            <Table
              as="table"
              selectable={true}
              striped={true}
            >
              <table
                className="ui selectable striped table"
              >
                <ResultsTableHeader
                  columns={
                    Array [
                      "ID",
                      "Request created",
                      "Patron ID",
                      "State",
                    ]
                  }
                  withRowAction={true}
                >
                  <TableHeader
                    as="thead"
                  >
                    <thead
                      className=""
                    >
                      <TableRow
                        as="tr"
                        cellAs="td"
                        data-test="header"
                      >
                        <tr
                          className=""
                          data-test="header"
                        >
                          <TableHeaderCell
                            as="th"
                            collapsing={true}
                            width={2}
                          >
                            <TableCell
                              as="th"
                              className=""
                              collapsing={true}
                              width={2}
                            >
                              <th
                                className="collapsing two wide"
                              />
                            </TableCell>
                          </TableHeaderCell>
                          <TableHeaderCell
                            as="th"
                            key="ID"
                            width={2}
                          >
                            <TableCell
                              as="th"
                              className=""
                              width={2}
                            >
                              <th
                                className="two wide"
                              >
                                ID
                              </th>
                            </TableCell>
                          </TableHeaderCell>
                          <TableHeaderCell
                            as="th"
                            key="Request created"
                          >
                            <TableCell
                              as="th"
                              className=""
                            >
                              <th
                                className=""
                              >
                                Request created
                              </th>
                            </TableCell>
                          </TableHeaderCell>
                          <TableHeaderCell
                            as="th"
                            key="Patron ID"
                          >
                            <TableCell
                              as="th"
                              className=""
                            >
                              <th
                                className=""
                              >
                                Patron ID
                              </th>
                            </TableCell>
                          </TableHeaderCell>
                          <TableHeaderCell
                            as="th"
                            key="State"
                          >
                            <TableCell
                              as="th"
                              className=""
                            >
                              <th
                                className=""
                              >
                                State
                              </th>
                            </TableCell>
                          </TableHeaderCell>
                        </tr>
                      </TableRow>
                    </thead>
                  </TableHeader>
                </ResultsTableHeader>
                <ResultsTableBody
                  columns={
                    Array [
                      "ID",
                      "Request created",
                      "Patron ID",
                      "State",
                    ]
                  }
                  rowActionClickHandler={[Function]}
                  rows={
                    Array [
                      Object {
                        "ID": "loan1",
                        "Patron ID": "patron_1",
                        "Request created": "2018-01-01 10:05",
                        "State": undefined,
                      },
                      Object {
                        "ID": "loan2",
                        "Patron ID": "patron_2",
                        "Request created": "2018-01-01 10:05",
                        "State": undefined,
                      },
                    ]
                  }
                >
                  <TableBody
                    as="tbody"
                  >
                    <tbody
                      className=""
                    >
                      <TableRow
                        as="tr"
                        cellAs="td"
                        data-test="loan1"
                        key="loan1"
                      >
                        <tr
                          className=""
                          data-test="loan1"
                        >
                          <TableCell
                            as="td"
                            textAlign="center"
                          >
                            <td
                              className="center aligned"
                            >
                              <Button
                                as="button"
                                circular={true}
                                compact={true}
                                data-test="btn-view-details-loan1"
                                icon="eye"
                                onClick={[Function]}
                              >
                                <button
                                  className="ui circular compact icon button"
                                  data-test="btn-view-details-loan1"
                                  onClick={[Function]}
                                >
                                  <Icon
                                    as="i"
                                    name="eye"
                                  >
                                    <i
                                      aria-hidden="true"
                                      className="eye icon"
                                    />
                                  </Icon>
                                </button>
                              </Button>
                            </td>
                          </TableCell>
                          <TableCell
                            as="td"
                            data-test="ID-loan1"
                            key="0-loan1"
                          >
                            <td
                              className=""
                              data-test="ID-loan1"
                            >
                              loan1
                            </td>
                          </TableCell>
                          <TableCell
                            as="td"
                            data-test="Request created-loan1"
                            key="1-loan1"
                          >
                            <td
                              className=""
                              data-test="Request created-loan1"
                            >
                              2018-01-01 10:05
                            </td>
                          </TableCell>
                          <TableCell
                            as="td"
                            data-test="Patron ID-loan1"
                            key="2-loan1"
                          >
                            <td
                              className=""
                              data-test="Patron ID-loan1"
                            >
                              patron_1
                            </td>
                          </TableCell>
                          <TableCell
                            as="td"
                            data-test="State-loan1"
                            key="3-loan1"
                          >
                            <td
                              className=""
                              data-test="State-loan1"
                            >
                              -
                            </td>
                          </TableCell>
                        </tr>
                      </TableRow>
                      <TableRow
                        as="tr"
                        cellAs="td"
                        data-test="loan2"
                        key="loan2"
                      >
                        <tr
                          className=""
                          data-test="loan2"
                        >
                          <TableCell
                            as="td"
                            textAlign="center"
                          >
                            <td
                              className="center aligned"
                            >
                              <Button
                                as="button"
                                circular={true}
                                compact={true}
                                data-test="btn-view-details-loan2"
                                icon="eye"
                                onClick={[Function]}
                              >
                                <button
                                  className="ui circular compact icon button"
                                  data-test="btn-view-details-loan2"
                                  onClick={[Function]}
                                >
                                  <Icon
                                    as="i"
                                    name="eye"
                                  >
                                    <i
                                      aria-hidden="true"
                                      className="eye icon"
                                    />
                                  </Icon>
                                </button>
                              </Button>
                            </td>
                          </TableCell>
                          <TableCell
                            as="td"
                            data-test="ID-loan2"
                            key="0-loan2"
                          >
                            <td
                              className=""
                              data-test="ID-loan2"
                            >
                              loan2
                            </td>
                          </TableCell>
                          <TableCell
                            as="td"
                            data-test="Request created-loan2"
                            key="1-loan2"
                          >
                            <td
                              className=""
                              data-test="Request created-loan2"
                            >
                              2018-01-01 10:05
                            </td>
                          </TableCell>
                          <TableCell
                            as="td"
                            data-test="Patron ID-loan2"
                            key="2-loan2"
                          >
                            <td
                              className=""
                              data-test="Patron ID-loan2"
                            >
                              patron_2
                            </td>
                          </TableCell>
                          <TableCell
                            as="td"
                            data-test="State-loan2"
                            key="3-loan2"
                          >
                            <td
                              className=""
                              data-test="State-loan2"
                            >
                              -
                            </td>
                          </TableCell>
                        </tr>
                      </TableRow>
                    </tbody>
                  </TableBody>
                </ResultsTableBody>
                <ResultsTableFooter
                  allRowsNumber={2}
                  columnsNumber={4}
                  seeAllComponent={
                    <SeeAllButton
                      clickHandler={[Function]}
                      disabled={false}
                      fluid={false}
                    />
                  }
                  showMaxRows={5}
                />
              </table>
            </Table>
          </div>
        </Segment>
      </ResultsTable>
    </Error>
  </Loader>
</DocumentPendingLoans>
`;

exports[`DocumentPendingLoans tests should render show a message with no pending loans 1`] = `
<DocumentPendingLoans
  data={
    Object {
      "hits": Array [],
      "total": 0,
    }
  }
  document={
    Object {
      "metadata": Object {
        "document_pid": 111,
        "item_pid": 222,
      },
    }
  }
  fetchPendingLoans={[Function]}
  history={[Function]}
  showMaxPendingLoans={5}
>
  <Loader>
    <Error>
      <ResultsTable
        fixed={false}
        headerActionClickHandler={null}
        headerActionComponent={null}
        rowActionClickHandler={[Function]}
        rows={Array []}
        seeAllComponent={
          <SeeAllButton
            clickHandler={[Function]}
            disabled={false}
            fluid={false}
          />
        }
        showMaxRows={5}
        singleLine={false}
        subtitle=""
        title="Pending loans requests"
      >
        <Segment>
          <div
            className="ui segment"
          >
            <Grid>
              <div
                className="ui grid"
              >
                <GridRow>
                  <div
                    className="row"
                  >
                    <GridColumn
                      verticalAlign="middle"
                      width={13}
                    >
                      <div
                        className="middle aligned thirteen wide column"
                      >
                        <Header
                          as="h3"
                          content="Pending loans requests"
                          subheader=""
                        >
                          <h3
                            className="ui header"
                          >
                            Pending loans requests
                            <HeaderSubheader
                              content=""
                            >
                              <div
                                className="sub header"
                              />
                            </HeaderSubheader>
                          </h3>
                        </Header>
                      </div>
                    </GridColumn>
                    <GridColumn
                      textAlign="right"
                      width={3}
                    >
                      <div
                        className="right aligned three wide column"
                      />
                    </GridColumn>
                  </div>
                </GridRow>
              </div>
            </Grid>
            <Message
              data-test="no-results"
            >
              <div
                className="ui message"
                data-test="no-results"
              >
                There are no 
              </div>
            </Message>
          </div>
        </Segment>
      </ResultsTable>
    </Error>
  </Loader>
</DocumentPendingLoans>
`;

exports[`DocumentPendingLoans tests should render the see all button when showing only a few pending loans 1`] = `
<DocumentPendingLoans
  data={
    Object {
      "hits": Array [
        Object {
          "created": "2018-01-01T10:05:00.000Z",
          "end_date": "2018-01-01T10:05:00.000Z",
          "loan_pid": "loan1",
          "patron_pid": "patron_1",
          "start_date": "2018-01-01T10:05:00.000Z",
          "updated": "2018-01-01T10:05:00.000Z",
        },
        Object {
          "created": "2018-01-01T10:05:00.000Z",
          "end_date": "2018-01-01T10:05:00.000Z",
          "loan_pid": "loan2",
          "patron_pid": "patron_2",
          "start_date": "2018-01-01T10:05:00.000Z",
          "updated": "2018-01-01T10:05:00.000Z",
        },
      ],
      "total": 2,
    }
  }
  document={
    Object {
      "metadata": Object {
        "document_pid": 111,
        "item_pid": 222,
      },
    }
  }
  fetchPendingLoans={[Function]}
  history={[Function]}
  showMaxPendingLoans={1}
>
  <Loader>
    <Error>
      <ResultsTable
        fixed={false}
        headerActionClickHandler={null}
        headerActionComponent={null}
        rowActionClickHandler={[Function]}
        rows={
          Array [
            Object {
              "ID": "loan1",
              "Patron ID": "patron_1",
              "Request created": "2018-01-01 10:05",
              "State": undefined,
            },
            Object {
              "ID": "loan2",
              "Patron ID": "patron_2",
              "Request created": "2018-01-01 10:05",
              "State": undefined,
            },
          ]
        }
        seeAllComponent={
          <SeeAllButton
            clickHandler={[Function]}
            disabled={false}
            fluid={false}
          />
        }
        showMaxRows={1}
        singleLine={false}
        subtitle=""
        title="Pending loans requests"
      >
        <Segment>
          <div
            className="ui segment"
          >
            <Grid>
              <div
                className="ui grid"
              >
                <GridRow>
                  <div
                    className="row"
                  >
                    <GridColumn
                      verticalAlign="middle"
                      width={13}
                    >
                      <div
                        className="middle aligned thirteen wide column"
                      >
                        <Header
                          as="h3"
                          content="Pending loans requests"
                          subheader=""
                        >
                          <h3
                            className="ui header"
                          >
                            Pending loans requests
                            <HeaderSubheader
                              content=""
                            >
                              <div
                                className="sub header"
                              />
                            </HeaderSubheader>
                          </h3>
                        </Header>
                      </div>
                    </GridColumn>
                    <GridColumn
                      textAlign="right"
                      width={3}
                    >
                      <div
                        className="right aligned three wide column"
                      />
                    </GridColumn>
                  </div>
                </GridRow>
              </div>
            </Grid>
            <Table
              as="table"
              selectable={true}
              striped={true}
            >
              <table
                className="ui selectable striped table"
              >
                <ResultsTableHeader
                  columns={
                    Array [
                      "ID",
                      "Request created",
                      "Patron ID",
                      "State",
                    ]
                  }
                  withRowAction={true}
                >
                  <TableHeader
                    as="thead"
                  >
                    <thead
                      className=""
                    >
                      <TableRow
                        as="tr"
                        cellAs="td"
                        data-test="header"
                      >
                        <tr
                          className=""
                          data-test="header"
                        >
                          <TableHeaderCell
                            as="th"
                            collapsing={true}
                            width={2}
                          >
                            <TableCell
                              as="th"
                              className=""
                              collapsing={true}
                              width={2}
                            >
                              <th
                                className="collapsing two wide"
                              />
                            </TableCell>
                          </TableHeaderCell>
                          <TableHeaderCell
                            as="th"
                            key="ID"
                            width={2}
                          >
                            <TableCell
                              as="th"
                              className=""
                              width={2}
                            >
                              <th
                                className="two wide"
                              >
                                ID
                              </th>
                            </TableCell>
                          </TableHeaderCell>
                          <TableHeaderCell
                            as="th"
                            key="Request created"
                          >
                            <TableCell
                              as="th"
                              className=""
                            >
                              <th
                                className=""
                              >
                                Request created
                              </th>
                            </TableCell>
                          </TableHeaderCell>
                          <TableHeaderCell
                            as="th"
                            key="Patron ID"
                          >
                            <TableCell
                              as="th"
                              className=""
                            >
                              <th
                                className=""
                              >
                                Patron ID
                              </th>
                            </TableCell>
                          </TableHeaderCell>
                          <TableHeaderCell
                            as="th"
                            key="State"
                          >
                            <TableCell
                              as="th"
                              className=""
                            >
                              <th
                                className=""
                              >
                                State
                              </th>
                            </TableCell>
                          </TableHeaderCell>
                        </tr>
                      </TableRow>
                    </thead>
                  </TableHeader>
                </ResultsTableHeader>
                <ResultsTableBody
                  columns={
                    Array [
                      "ID",
                      "Request created",
                      "Patron ID",
                      "State",
                    ]
                  }
                  rowActionClickHandler={[Function]}
                  rows={
                    Array [
                      Object {
                        "ID": "loan1",
                        "Patron ID": "patron_1",
                        "Request created": "2018-01-01 10:05",
                        "State": undefined,
                      },
                    ]
                  }
                >
                  <TableBody
                    as="tbody"
                  >
                    <tbody
                      className=""
                    >
                      <TableRow
                        as="tr"
                        cellAs="td"
                        data-test="loan1"
                        key="loan1"
                      >
                        <tr
                          className=""
                          data-test="loan1"
                        >
                          <TableCell
                            as="td"
                            textAlign="center"
                          >
                            <td
                              className="center aligned"
                            >
                              <Button
                                as="button"
                                circular={true}
                                compact={true}
                                data-test="btn-view-details-loan1"
                                icon="eye"
                                onClick={[Function]}
                              >
                                <button
                                  className="ui circular compact icon button"
                                  data-test="btn-view-details-loan1"
                                  onClick={[Function]}
                                >
                                  <Icon
                                    as="i"
                                    name="eye"
                                  >
                                    <i
                                      aria-hidden="true"
                                      className="eye icon"
                                    />
                                  </Icon>
                                </button>
                              </Button>
                            </td>
                          </TableCell>
                          <TableCell
                            as="td"
                            data-test="ID-loan1"
                            key="0-loan1"
                          >
                            <td
                              className=""
                              data-test="ID-loan1"
                            >
                              loan1
                            </td>
                          </TableCell>
                          <TableCell
                            as="td"
                            data-test="Request created-loan1"
                            key="1-loan1"
                          >
                            <td
                              className=""
                              data-test="Request created-loan1"
                            >
                              2018-01-01 10:05
                            </td>
                          </TableCell>
                          <TableCell
                            as="td"
                            data-test="Patron ID-loan1"
                            key="2-loan1"
                          >
                            <td
                              className=""
                              data-test="Patron ID-loan1"
                            >
                              patron_1
                            </td>
                          </TableCell>
                          <TableCell
                            as="td"
                            data-test="State-loan1"
                            key="3-loan1"
                          >
                            <td
                              className=""
                              data-test="State-loan1"
                            >
                              -
                            </td>
                          </TableCell>
                        </tr>
                      </TableRow>
                    </tbody>
                  </TableBody>
                </ResultsTableBody>
                <ResultsTableFooter
                  allRowsNumber={2}
                  columnsNumber={4}
                  seeAllComponent={
                    <SeeAllButton
                      clickHandler={[Function]}
                      disabled={false}
                      fluid={false}
                    />
                  }
                  showMaxRows={1}
                >
                  <TableFooter
                    as="tfoot"
                    data-test="footer"
                    fullWidth={true}
                  >
                    <TableHeader
                      as="tfoot"
                      data-test="footer"
                      fullWidth={true}
                    >
                      <tfoot
                        className="full-width"
                        data-test="footer"
                      >
                        <TableRow
                          as="tr"
                          cellAs="td"
                        >
                          <tr
                            className=""
                          >
                            <TableHeaderCell
                              as="th"
                              colSpan={5}
                              textAlign="right"
                            >
                              <TableCell
                                as="th"
                                className=""
                                colSpan={5}
                                textAlign="right"
                              >
                                <th
                                  className="right aligned"
                                  colSpan={5}
                                >
                                  <span>
                                    Showing first 
                                    1
                                     entries of
                                     
                                    2
                                     
                                  </span>
                                  <span>
                                    <SeeAllButton
                                      clickHandler={[Function]}
                                      disabled={false}
                                      fluid={false}
                                    >
                                      <Button
                                        as="button"
                                        onClick={[Function]}
                                        size="small"
                                      >
                                        <button
                                          className="ui small button"
                                          onClick={[Function]}
                                        >
                                          See all
                                        </button>
                                      </Button>
                                    </SeeAllButton>
                                  </span>
                                </th>
                              </TableCell>
                            </TableHeaderCell>
                          </tr>
                        </TableRow>
                      </tfoot>
                    </TableHeader>
                  </TableFooter>
                </ResultsTableFooter>
              </table>
            </Table>
          </div>
        </Segment>
      </ResultsTable>
    </Error>
  </Loader>
</DocumentPendingLoans>
`;
