// Jest Snapshot v1, https://goo.gl/fbAQLP

exports[`tests the LoanDetails component renders a message when fetching fails 1`] = `
<LoanDetails
  actionLoading={false}
  data={Object {}}
  error={Object {}}
  fetchLoading={false}
  fetchLoanDetails={[Function]}
  loanActionError={true}
  postLoanAction={[Function]}
>
  <Message
    header="Oups, something went horribly wrong!"
    icon="exclamation"
  >
    <div
      className="ui icon message"
    >
      <Icon
        as="i"
        name="exclamation"
      >
        <i
          aria-hidden="true"
          className="exclamation icon"
        />
      </Icon>
      <MessageContent>
        <div
          className="content"
        >
          <MessageHeader
            content="Oups, something went horribly wrong!"
          >
            <div
              className="header"
            >
              Oups, something went horribly wrong!
            </div>
          </MessageHeader>
        </div>
      </MessageContent>
    </div>
  </Message>
</LoanDetails>
`;

exports[`tests the LoanDetails component renders initial state and checks the props are passed 1`] = `
<LoanDetails
  actionLoading={false}
  data={Object {}}
  error={Object {}}
  fetchLoading={true}
  fetchLoanDetails={[Function]}
  loanActionError={false}
  postLoanAction={[Function]}
>
  <Loader
    active={true}
    inline="centered"
  >
    <div
      className="ui active centered inline loader"
    />
  </Loader>
</LoanDetails>
`;

exports[`tests the LoanDetails component renders the details page when fetching succeeds 1`] = `
<LoanDetails
  actionLoading={false}
  data={
    Object {
      "availableActions": Object {
        "action": "action",
      },
      "metadata": Object {
        "title": "title",
      },
    }
  }
  error={
    Object {
      "message": "error",
    }
  }
  fetchLoading={false}
  fetchLoanDetails={[Function]}
  loanActionError={false}
  postLoanAction={[Function]}
>
  <Grid
    centered={true}
  >
    <div
      className="ui centered grid"
    >
      <GridRow>
        <div
          className="row"
        >
          <LoanMetadata
            data={
              Object {
                "availableActions": Object {
                  "action": "action",
                },
                "metadata": Object {
                  "title": "title",
                },
              }
            }
          >
            <div>
              <Header
                as="h1"
              >
                <h1
                  className="ui header"
                >
                  Loan Information
                </h1>
              </Header>
              <Table
                as="table"
                celled={true}
                compact={true}
                definition={true}
                textAlign="center"
              >
                <table
                  className="ui celled definition compact center aligned table"
                >
                  <TableHeader
                    as="thead"
                    fullWidth={true}
                  >
                    <thead
                      className="full-width"
                    >
                      <TableRow
                        as="tr"
                        cellAs="td"
                      >
                        <tr
                          className=""
                        >
                          <TableHeaderCell
                            as="th"
                          >
                            <TableCell
                              as="th"
                              className=""
                            >
                              <th
                                className=""
                              >
                                Property
                              </th>
                            </TableCell>
                          </TableHeaderCell>
                          <TableHeaderCell
                            as="th"
                          >
                            <TableCell
                              as="th"
                              className=""
                            >
                              <th
                                className=""
                              >
                                Value
                              </th>
                            </TableCell>
                          </TableHeaderCell>
                        </tr>
                      </TableRow>
                    </thead>
                  </TableHeader>
                  <TableBody
                    as="tbody"
                  >
                    <tbody
                      className=""
                    >
                      <TableRow
                        as="tr"
                        cellAs="td"
                        key="title"
                        name="loanMetadataRow"
                      >
                        <tr
                          className=""
                          name="loanMetadataRow"
                        >
                          <TableCell
                            as="td"
                            collapsing={true}
                          >
                            <td
                              className="collapsing"
                            >
                              title
                            </td>
                          </TableCell>
                          <TableCell
                            as="td"
                          >
                            <td
                              className=""
                            >
                              title
                            </td>
                          </TableCell>
                        </tr>
                      </TableRow>
                    </tbody>
                  </TableBody>
                </table>
              </Table>
            </div>
          </LoanMetadata>
        </div>
      </GridRow>
      <GridRow>
        <div
          className="row"
        >
          <LoanActions
            actionLoading={false}
            actions={
              Object {
                "action": "action",
              }
            }
            data={
              Object {
                "title": "title",
              }
            }
            onAction={[Function]}
          >
            <List
              horizontal={true}
            >
              <div
                className="ui horizontal list"
                role="list"
              >
                <ListItem
                  key="action"
                >
                  <div
                    className="item"
                    onClick={[Function]}
                    role="listitem"
                  >
                    <Button
                      as="button"
                      onClick={[Function]}
                      primary={true}
                      role="button"
                    >
                      <button
                        className="ui primary button"
                        onClick={[Function]}
                        role="button"
                      >
                        action
                      </button>
                    </Button>
                  </div>
                </ListItem>
              </div>
            </List>
          </LoanActions>
        </div>
      </GridRow>
    </div>
  </Grid>
</LoanDetails>
`;

exports[`tests the LoanDetails component renders the loader component when fetching is in progress 1`] = `
<LoanDetails
  actionLoading={false}
  data={Object {}}
  error={Object {}}
  fetchLoading={true}
  fetchLoanDetails={[Function]}
  loanActionError={false}
  postLoanAction={[Function]}
>
  <Loader
    active={true}
    inline="centered"
  >
    <div
      className="ui active centered inline loader"
    />
  </Loader>
</LoanDetails>
`;
