// Jest Snapshot v1, https://goo.gl/fbAQLP

exports[`should render correctly 1`] = `
<div
  className="document-info"
>
  <h2
    className="ui header"
  >
    The Swiss years : writings, 1900-1909
  </h2>
  <div
    className="ui list"
    role="list"
  >
    <h4
      className="item"
      onClick={[Function]}
      role="listitem"
    >
      Author: 
      Einstein, Albert
    </h4>
    <h4
      className="item"
      onClick={[Function]}
      role="listitem"
    >
      Author: 
      Stachel, John J et al.
    </h4>
  </div>
</div>
`;
