// Jest Snapshot v1, https://goo.gl/fbAQLP

exports[`SeriesMultipartMonographs tests should load the SeriesMultipartMonographs component 1`] = `
<Loader>
  <Error>
    <ResultsTable
      columns={
        Array [
          Object {
            "field": "metadata.pid",
            "title": "PID",
          },
          Object {
            "field": "",
            "formatter": [Function],
            "title": "Title",
          },
          Object {
            "formatter": [Function],
            "title": "Volume",
          },
        ]
      }
      currentPage={1}
      data={Array []}
      headerActionComponent={null}
      name="multipart monographs"
      paginationComponent={null}
      renderEmptyResultsElement={[Function]}
      seeAllComponent={
        <SeeAllButton
          disabled={false}
          fluid={false}
          to="/backoffice/series?q=relations.serial.pid_type:serid AND NOT (pid:111) AND relations.serial.pid_value:111"
        />
      }
      showAllResults={false}
      showMaxRows={5}
      singleLine={false}
      subtitle=""
      title=""
      totalHitsCount={0}
    />
  </Error>
</Loader>
`;
