// Jest Snapshot v1, https://goo.gl/fbAQLP

exports[`BookGroup tests should load the BookGroup component 1`] = `
<div>
  <Header
    as="h2"
  >
    Test
  </Header>
  <HeaderSubheader>
    <Link
      to=""
    >
      VIEW ALL 
      <Icon
        as="i"
        name="caret right"
      />
    </Link>
  </HeaderSubheader>
  <Divider
    hidden={true}
  />
  <Loader
    isLoading={true}
  >
    <Error
      error={Object {}}
    >
      <CardGroup
        centered={true}
        doubling={true}
        itemsPerRow={5}
        stackable={true}
      />
    </Error>
  </Loader>
</div>
`;

exports[`BookGroup tests should render book cards 1`] = `
<BrowserRouter>
  <Router
    history={
      Object {
        "action": "POP",
        "block": [Function],
        "createHref": [Function],
        "go": [Function],
        "goBack": [Function],
        "goForward": [Function],
        "length": 1,
        "listen": [Function],
        "location": Object {
          "hash": "",
          "pathname": "/",
          "search": "",
          "state": undefined,
        },
        "push": [Function],
        "replace": [Function],
      }
    }
  >
    <BookGroup
      fetchDataMethod={
        [MockFunction] {
          "calls": Array [
            Array [
              "",
            ],
          ],
          "results": Array [
            Object {
              "type": "return",
              "value": Promise {},
            },
          ],
        }
      }
      fetchDataQuery=""
      title="Test"
      viewAllUrl="/test"
    >
      <div>
        <Header
          as="h2"
        >
          <h2
            className="ui header"
          >
            Test
          </h2>
        </Header>
        <HeaderSubheader>
          <div
            className="sub header"
          >
            <Link
              to="/test"
            >
              <LinkAnchor
                href="/test"
                navigate={[Function]}
              >
                <a
                  href="/test"
                  onClick={[Function]}
                >
                  VIEW ALL 
                  <Icon
                    as="i"
                    name="caret right"
                  >
                    <i
                      aria-hidden="true"
                      className="caret right icon"
                      onClick={[Function]}
                    />
                  </Icon>
                </a>
              </LinkAnchor>
            </Link>
          </div>
        </HeaderSubheader>
        <Divider
          hidden={true}
        >
          <div
            className="ui hidden divider"
          />
        </Divider>
        <Loader
          isLoading={true}
        >
          <Loader
            active={true}
            inline="centered"
            size="huge"
          >
            <div
              className="ui huge active centered inline loader"
            />
          </Loader>
        </Loader>
      </div>
    </BookGroup>
  </Router>
</BrowserRouter>
`;

exports[`BookGroup tests should render the VIEW ALL link properly 1`] = `
<BrowserRouter>
  <Router
    history={
      Object {
        "action": "POP",
        "block": [Function],
        "createHref": [Function],
        "go": [Function],
        "goBack": [Function],
        "goForward": [Function],
        "length": 1,
        "listen": [Function],
        "location": Object {
          "hash": "",
          "pathname": "/",
          "search": "",
          "state": undefined,
        },
        "push": [Function],
        "replace": [Function],
      }
    }
  >
    <BookGroup
      fetchDataMethod={
        [MockFunction] {
          "calls": Array [
            Array [
              "",
            ],
          ],
          "results": Array [
            Object {
              "type": "return",
              "value": Promise {},
            },
          ],
        }
      }
      fetchDataQuery=""
      title="Test"
      viewAllUrl="/test"
    >
      <div>
        <Header
          as="h2"
        >
          <h2
            className="ui header"
          >
            Test
          </h2>
        </Header>
        <HeaderSubheader>
          <div
            className="sub header"
          >
            <Link
              to="/test"
            >
              <LinkAnchor
                href="/test"
                navigate={[Function]}
              >
                <a
                  href="/test"
                  onClick={[Function]}
                >
                  VIEW ALL 
                  <Icon
                    as="i"
                    name="caret right"
                  >
                    <i
                      aria-hidden="true"
                      className="caret right icon"
                      onClick={[Function]}
                    />
                  </Icon>
                </a>
              </LinkAnchor>
            </Link>
          </div>
        </HeaderSubheader>
        <Divider
          hidden={true}
        >
          <div
            className="ui hidden divider"
          />
        </Divider>
        <Loader
          isLoading={true}
        >
          <Loader
            active={true}
            inline="centered"
            size="huge"
          >
            <div
              className="ui huge active centered inline loader"
            />
          </Loader>
        </Loader>
      </div>
    </BookGroup>
  </Router>
</BrowserRouter>
`;
