// Jest Snapshot v1, https://goo.gl/fbAQLP

exports[`BookCard tests should render the document correctly 1`] = `
<BookCard
  bookData={
    Object {
      "authors": "Author1, Author2",
      "eitems": Array [],
      "imageCover": "",
      "imageSize": "small",
      "onClick": [MockFunction],
      "pid": "123",
      "title": "Lorem",
    }
  }
>
  <Card
    data-test="123"
    onClick={[MockFunction]}
  >
    <a
      className="ui card"
      data-test="123"
      onClick={[Function]}
    >
      <Image
        as="img"
        size="small"
        src=""
        ui={true}
      >
        <img
          className="ui small image"
          src=""
        />
      </Image>
      <CardContent>
        <div
          className="content"
        >
          <CardHeader>
            <div
              className="header"
            >
              Lorem
            </div>
          </CardHeader>
          <CardMeta>
            <div
              className="meta"
            >
              Author1, Author2
            </div>
          </CardMeta>
        </div>
      </CardContent>
    </a>
  </Card>
</BookCard>
`;
