// Jest Snapshot v1, https://goo.gl/fbAQLP

exports[`DocumentRequestDetailsContainer tests should load the details component 1`] = `
<Container>
  <DocumentRequestDetails />
</Container>
`;
