// Jest Snapshot v1, https://goo.gl/fbAQLP

exports[`DocumentsCard tests should load the details component 1`] = `
<Loader>
  <Error>
    <RecordsBriefCard
      buttonLeft={
        <NewButton
          clickHandler={[Function]}
          disabled={true}
          fluid={true}
          text="New"
        />
      }
      buttonRight={
        <SeeAllButton
          clickHandler={[Function]}
          disabled={true}
          fluid={true}
        />
      }
      stats={0}
      text="requested on shelf"
      title="Documents"
    />
  </Error>
</Loader>
`;

exports[`DocumentsCard tests should render stats with 2 records 1`] = `
<DocumentsCard
  data={2}
  fetchRequestedWithAvailableItems={
    [MockFunction] {
      "calls": Array [
        Array [],
      ],
      "results": Array [
        Object {
          "isThrow": false,
          "value": undefined,
        },
      ],
    }
  }
  history={[Function]}
>
  <Loader>
    <Error>
      <RecordsBriefCard
        buttonLeft={
          <NewButton
            clickHandler={[Function]}
            disabled={true}
            fluid={true}
            text="New"
          />
        }
        buttonRight={
          <SeeAllButton
            clickHandler={[Function]}
            disabled={true}
            fluid={true}
          />
        }
        stats={2}
        text="requested on shelf"
        title="Documents"
      >
        <Segment
          className="brief-card"
          raised={true}
        >
          <div
            className="ui raised segment brief-card"
          >
            <Header
              as="h3"
              textAlign="right"
            >
              <h3
                className="ui right aligned header"
              >
                Documents
              </h3>
            </Header>
            <p>
               
              <span
                data-test={2}
              >
                2
              </span>
               
              requested on shelf
            </p>
            <Grid>
              <div
                className="ui grid"
              >
                <GridRow>
                  <div
                    className="row"
                  >
                    <GridColumn
                      width={8}
                    >
                      <div
                        className="eight wide column"
                      >
                        <NewButton
                          clickHandler={[Function]}
                          disabled={true}
                          fluid={true}
                          text="New"
                        >
                          <Button
                            as="button"
                            disabled={true}
                            fluid={true}
                            icon={true}
                            labelPosition="left"
                            onClick={[Function]}
                            positive={true}
                            size="small"
                          >
                            <button
                              className="ui small fluid icon positive disabled left labeled button"
                              disabled={true}
                              onClick={[Function]}
                              tabIndex={-1}
                            >
                              <Icon
                                as="i"
                                name="plus"
                              >
                                <i
                                  aria-hidden="true"
                                  className="plus icon"
                                />
                              </Icon>
                              New
                            </button>
                          </Button>
                        </NewButton>
                      </div>
                    </GridColumn>
                    <GridColumn
                      width={8}
                    >
                      <div
                        className="eight wide column"
                      >
                        <SeeAllButton
                          clickHandler={[Function]}
                          disabled={true}
                          fluid={true}
                        >
                          <Button
                            as="button"
                            disabled={true}
                            fluid={true}
                            onClick={[Function]}
                            size="small"
                          >
                            <button
                              className="ui small fluid disabled button"
                              disabled={true}
                              onClick={[Function]}
                              tabIndex={-1}
                            >
                              See all
                            </button>
                          </Button>
                        </SeeAllButton>
                      </div>
                    </GridColumn>
                  </div>
                </GridRow>
              </div>
            </Grid>
          </div>
        </Segment>
      </RecordsBriefCard>
    </Error>
  </Loader>
</DocumentsCard>
`;
